Microchip MPLAB XC8 Compiler V2.31

Linker command line:

-W-3 --edf=C:\Program Files\Microchip\xc8\v2.31\pic\dat\en_msgs.txt \
  -pivt0x8=08h -cn \
  -h+dist/default/production\Wireless-Home-Security-System.production.sym \
  --cmf=dist/default/production\Wireless-Home-Security-System.production.cmf \
  -z -Q18F46K42 -oC:\Users\Afro\AppData\Local\Temp\sa18.2 \
  --defsym=__MPLAB_BUILD=1 \
  -Mdist/default/production/Wireless-Home-Security-System.production.map \
  -E1 -ver=XC8 Compiler --acfsm=1493 -ASTACK=0A6h-0FFFh -pstack=STACK \
  -ACODE=00h-0FFFFh -ACONST=00h-0FFFFh -ASMALLCONST=01000h-010FFhx240 \
  -AMEDIUMCONST=01000h-0FFFFh -ACOMRAM=01h-05Fh -AABS1=00h-0FFFh \
  -ABIGRAM=01h-0FFFh -ARAM=060h-0FFh,0100h-01FFhx15 -ABANK0=060h-0FFh \
  -ABANK1=0100h-01FFh -ABANK2=0200h-02FFh -ABANK3=0300h-03FFh \
  -ABANK4=0400h-04FFh -ABANK5=0500h-05FFh -ABANK6=0600h-06FFh \
  -ABANK7=0700h-07FFh -ABANK8=0800h-08FFh -ABANK9=0900h-09FFh \
  -ABANK10=0A00h-0AFFh -ABANK11=0B00h-0BFFh -ABANK12=0C00h-0CFFh \
  -ABANK13=0D00h-0DFFh -ABANK14=0E00h-0EFFh -ABANK15=0F00h-0FFFh \
  -ASFR=03800h-038FFhx7,03F00h-03F5Fh,03F60h-03FFFh \
  -ACONFIG=0300000h-0300009h -AIDLOC=0200000h-020000Fh \
  -AEEDATA=0310000h-03103FFh -peeprom_data=EEDATA -preset_vec=00h \
  -ppowerup=CODE,init -pramtop=01000h -psmallconst=SMALLCONST \
  -pmediumconst=MEDIUMCONST -pconst=CONST -AFARRAM=00h-00h \
  -prdata=COMRAM,nvrram=COMRAM,nvbit=COMRAM,rbss=COMRAM,rbit=COMRAM \
  -pfarbss=FARRAM,fardata=FARRAM,nvFARRAM=FARRAM \
  -pintsave_regs=BIGRAM,bigbss=BIGRAM,bigdata=BIGRAM -pbss=RAM \
  -pidata=CODE,irdata=CODE,ibigdata=CODE,ifardata=CODE -prparam=COMRAM \
  C:\Users\Afro\AppData\Local\Temp\sa18.o \
  dist/default/production\Wireless-Home-Security-System.production.o 

Object code version is 3.11

Machine type is 18F46K42



                Name                               Link     Load   Length Selector   Space Scale
C:\Users\Afro\AppData\Local\Temp\sa18.o
                idloc                            200000   200000       10        0       5
                config                           300000   300000        A        0       4
                init                                 1A       1A        4        4       0
                reset_vec                             0        0        4        0       0
dist/default/production\Wireless-Home-Security-System.production.o
                idloc                            200000   200000       10        0       5
                config                           300000   300000        A        0       4
                smallconst                         1000     1000       AC      800       0
                ivt0x8                                8        8       12        4       0
                text17                             16DA     16DA       AC      856       0
                text16                             1A6E     1A6E       18      856       0
                text15                             1A38     1A38       1C      856       0
                text14                             19E4     19E4       2C      856       0
                text13                             1A54     1A54       1A      856       0
                text12                             188A     188A       4E      856       0
                text11                             1A10     1A10       28      856       0
                text10                             17E8     17E8       54      856       0
                text9                              196A     196A       3E      856       0
                text8                              1524     1524       EE      856       0
                text7                              1612     1612       C8      856       0
                text6                              19A8     19A8       3C      856       0
                text5                              183C     183C       4E      856       0
                text4                              1922     1922       48      856       0
                text3                              1786     1786       62      856       0
                text2                              127C     127C      1A4      856       0
                text1                              1420     1420      104      856       0
                text0                              10AC     10AC      1D0      856       0
                cstackCOMRAM                          1        1       25        1       1
                bssBANK0                             60       60       46       60       1
                dataCOMRAM                           2A       2A        2        1       1
                bssCOMRAM                            26       26        4        1       1
                cinit                              18D8     18D8       4A      856       0
                idataCOMRAM                        1A86     1A86        2      856       0

TOTAL           Name                               Link     Load   Length     Space
        CLASS   STACK          

        CLASS   CODE           
                init                                 1A       1A        4         0
                reset_vec                             0        0        4         0
                ivt0x8                                8        8       12         0
                text17                             16DA     16DA       AC         0
                text16                             1A6E     1A6E       18         0
                text15                             1A38     1A38       1C         0
                text14                             19E4     19E4       2C         0
                text13                             1A54     1A54       1A         0
                text12                             188A     188A       4E         0
                text11                             1A10     1A10       28         0
                text10                             17E8     17E8       54         0
                text9                              196A     196A       3E         0
                text8                              1524     1524       EE         0
                text7                              1612     1612       C8         0
                text6                              19A8     19A8       3C         0
                text5                              183C     183C       4E         0
                text4                              1922     1922       48         0
                text3                              1786     1786       62         0
                text2                              127C     127C      1A4         0
                text1                              1420     1420      104         0
                text0                              10AC     10AC      1D0         0
                cinit                              18D8     18D8       4A         0
                idataCOMRAM                        1A86     1A86        2         0

        CLASS   CONST          

        CLASS   SMALLCONST     
                smallconst                         1000     1000       AC         0

        CLASS   MEDIUMCONST    

        CLASS   COMRAM         
                cstackCOMRAM                          1        1       25         1
                dataCOMRAM                           2A       2A        2         1
                bssCOMRAM                            26       26        4         1

        CLASS   ABS1           

        CLASS   BIGRAM         

        CLASS   RAM            

        CLASS   BANK0          
                bssBANK0                             60       60       46         1

        CLASS   BANK1          

        CLASS   BANK2          

        CLASS   BANK3          

        CLASS   BANK4          

        CLASS   BANK5          

        CLASS   BANK6          

        CLASS   BANK7          

        CLASS   BANK8          

        CLASS   BANK9          

        CLASS   BANK10         

        CLASS   BANK11         

        CLASS   BANK12         

        CLASS   BANK13         

        CLASS   BANK14         

        CLASS   BANK15         

        CLASS   SFR            

        CLASS   CONFIG         
                config                           300000   300000        A         4

        CLASS   IDLOC          
                idloc                            200000   200000       10         5

        CLASS   EEDATA         

        CLASS   FARRAM         



SEGMENTS        Name                           Load    Length   Top    Selector   Space  Class

                reset_vec                      000000  000004  000004         0       0  CODE    
                cstackCOMRAM                   000001  00002B  00002C         1       1  COMRAM  
                ivt0x8                         000008  000016  00001E         4       0  CODE    
                bssBANK0                       000060  000046  0000A6        60       1  BANK0   
                smallconst                     001000  0000AC  0010AC       800       0  SMALLCON
                text0                          0010AC  0009DC  001A88       856       0  CODE    


UNUSED ADDRESS RANGES

        Name                Unused          Largest block    Delta
        BANK0            0000A6-0000FF               5A
        BANK1            000100-0001FF              100
        BANK10           000A00-000AFF              100
        BANK11           000B00-000BFF              100
        BANK12           000C00-000CFF              100
        BANK13           000D00-000DFF              100
        BANK14           000E00-000EFF              100
        BANK15           000F00-000FFF              100
        BANK2            000200-0002FF              100
        BANK3            000300-0003FF              100
        BANK4            000400-0004FF              100
        BANK5            000500-0005FF              100
        BANK6            000600-0006FF              100
        BANK7            000700-0007FF              100
        BANK8            000800-0008FF              100
        BANK9            000900-0009FF              100
        BIGRAM           00002C-00005F               34
                         0000A6-000FFF              F5A
        CODE             000004-000007                4
                         00001E-000FFF              FE2
                         001A88-00FFFF             E578
        COMRAM           00002C-00005F               34
        CONST            000004-000007                4
                         00001E-000FFF              FE2
                         001A88-00FFFF             E578
        EEDATA           310000-3103FF              400
        MEDIUMCONST      001A88-00FFFF             E578
        RAM              0000A6-000FFF              100
        SFR              003800-003FFF              100
        SMALLCONST       001A88-00FFFF              100
        STACK            0000A6-000FFF              F5A

                                  Symbol Table

?_call_phone_num                    cstackCOMRAM 00001C
?_strchr                            cstackCOMRAM 000001
?_strlen                            cstackCOMRAM 000001
?_strncmp                           cstackCOMRAM 000001
?_strstr                            cstackCOMRAM 00000C
CLR_Buf@k                           cstackCOMRAM 000001
Find@a                              cstackCOMRAM 000012
IVTBASEH                            (abs)        003FD6
IVTBASEL                            (abs)        003FD5
IVTBASEU                            (abs)        003FD7
UART1_SendData@dat                  cstackCOMRAM 000001
UART1_Send_AT_Command@a             cstackCOMRAM 000016
UART1_Send_AT_Command@b             cstackCOMRAM 000014
UART1_Send_AT_Command@i             cstackCOMRAM 00001B
UART1_Send_AT_Command@interval_time cstackCOMRAM 000019
UART1_Send_AT_Command@wait_time     cstackCOMRAM 000018
UART1_Send_Command@s                cstackCOMRAM 000002
UART1_Send_Greeting@s               cstackCOMRAM 000002
Wait_CREG@i                         cstackCOMRAM 000006
Wait_CREG@j                         cstackCOMRAM 000007
Wait_CREG@k                         cstackCOMRAM 000008
Wait_CREG@query_times               cstackCOMRAM 000005
_ANSELB                             (abs)        003A50
_ANSELC                             (abs)        003A60
_CLR_Buf                            text14       0019E4
_Find                               text6        0019A8
_First_Int                          bssCOMRAM    000029
_INTCON0bits                        (abs)        003FD2
_InterruptManager                   text17       0016DA
_LATB                               (abs)        003FBB
_LATBbits                           (abs)        003FBB
_OSCCON1                            (abs)        0039D9
_OSCCON3                            (abs)        0039DB
_OSCEN                              (abs)        0039DD
_OSCFRQ                             (abs)        0039DF
_OSCILLATOR_Initialize              text16       001A6E
_OSCTUNE                            (abs)        0039DE
_PIE3bits                           (abs)        003993
_PIN_Initialize                     text15       001A38
_PIR3bits                           (abs)        0039A3
_PORTCbits                          (abs)        003FCC
_RC6PPS                             (abs)        003A16
_TRISB                              (abs)        003FC3
_TRISC                              (abs)        003FC4
_U1BRGH                             (abs)        003DF6
_U1BRGL                             (abs)        003DF5
_U1CON0                             (abs)        003DF2
_U1CON1                             (abs)        003DF3
_U1FIFO                             (abs)        003DF7
_U1FIFObits                         (abs)        003DF7
_U1RXB                              (abs)        003DE8
_U1RXPPS                            (abs)        003AE5
_U1TXB                              (abs)        003DEA
_UART1_SendData                     text13       001A54
_UART1_Send_AT_Command              text3        001786
_UART1_Send_Command                 text5        00183C
_UART1_Send_Greeting                text12       00188A
_UART_Initialize                    text11       001A10
_Uart1_Buf                          bssBANK0     000060
_Wait_CREG                          text2        00127C
__HRAM                              (abs)        000000
__Habs1                             abs1         000000
__Hbank0                            bank0        000000
__Hbank1                            bank1        000000
__Hbank10                           bank10       000000
__Hbank11                           bank11       000000
__Hbank12                           bank12       000000
__Hbank13                           bank13       000000
__Hbank14                           bank14       000000
__Hbank15                           bank15       000000
__Hbank2                            bank2        000000
__Hbank3                            bank3        000000
__Hbank4                            bank4        000000
__Hbank5                            bank5        000000
__Hbank6                            bank6        000000
__Hbank7                            bank7        000000
__Hbank8                            bank8        000000
__Hbank9                            bank9        000000
__Hbigbss                           bigbss       000000
__Hbigdata                          bigdata      000000
__Hbigram                           bigram       000000
__Hbss                              bss          000000
__HbssBANK0                         bssBANK0     000000
__HbssCOMRAM                        bssCOMRAM    000000
__Hcinit                            cinit        000000
__Hclrtext                          clrtext      000000
__Hcomram                           comram       000000
__Hconfig                           config       30000A
__Hconst                            const        000000
__HcstackCOMRAM                     cstackCOMRAM 000000
__Hdata                             data         000000
__HdataCOMRAM                       dataCOMRAM   000000
__Heeprom_data                      eeprom_data  000000
__Hfarbss                           farbss       000000
__Hfardata                          fardata      000000
__Hibigdata                         ibigdata     000000
__Hidata                            idata        000000
__HidataCOMRAM                      idataCOMRAM  000000
__Hidloc                            idloc        200010
__Hifardata                         ifardata     000000
__Hinit                             init         00001E
__Hintsave_regs                     intsave_regs 000000
__Hirdata                           irdata       000000
__Hivt0x8                           ivt0x8       00001A
__Hmediumconst                      mediumconst  000000
__HnvFARRAM                         nvFARRAM     000000
__Hnvbit                            nvbit        000000
__Hnvrram                           nvrram       000000
__Hparam                            rparam       000000
__Hpowerup                          powerup      000000
__Hram                              ram          000000
__Hramtop                           ramtop       001000
__Hrbit                             rbit         000000
__Hrbss                             rbss         000000
__Hrdata                            rdata        000000
__Hreset_vec                        reset_vec    000004
__Hrparam                           rparam       000000
__Hsfr                              sfr          000000
__Hsmallconst                       smallconst   0010AC
__Hspace_0                          (abs)        001A88
__Hspace_1                          (abs)        0000A6
__Hspace_2                          (abs)        000000
__Hspace_4                          (abs)        60000A
__Hstack                            stack        000000
__Hstruct                           struct       000000
__Htemp                             temp         000000
__Htext                             text         000000
__Htext0                            text0        000000
__Htext1                            text1        000000
__Htext10                           text10       000000
__Htext11                           text11       000000
__Htext12                           text12       000000
__Htext13                           text13       000000
__Htext14                           text14       000000
__Htext15                           text15       000000
__Htext16                           text16       000000
__Htext17                           text17       000000
__Htext2                            text2        000000
__Htext3                            text3        000000
__Htext4                            text4        000000
__Htext5                            text5        000000
__Htext6                            text6        000000
__Htext7                            text7        000000
__Htext8                            text8        000000
__Htext9                            text9        000000
__LRAM                              (abs)        000001
__Labs1                             abs1         000000
__Lbank0                            bank0        000000
__Lbank1                            bank1        000000
__Lbank10                           bank10       000000
__Lbank11                           bank11       000000
__Lbank12                           bank12       000000
__Lbank13                           bank13       000000
__Lbank14                           bank14       000000
__Lbank15                           bank15       000000
__Lbank2                            bank2        000000
__Lbank3                            bank3        000000
__Lbank4                            bank4        000000
__Lbank5                            bank5        000000
__Lbank6                            bank6        000000
__Lbank7                            bank7        000000
__Lbank8                            bank8        000000
__Lbank9                            bank9        000000
__Lbigbss                           bigbss       000000
__Lbigdata                          bigdata      000000
__Lbigram                           bigram       000000
__Lbss                              bss          000000
__LbssBANK0                         bssBANK0     000000
__LbssCOMRAM                        bssCOMRAM    000000
__Lcinit                            cinit        000000
__Lclrtext                          clrtext      000000
__Lcomram                           comram       000000
__Lconfig                           config       000000
__Lconst                            const        000000
__LcstackCOMRAM                     cstackCOMRAM 000000
__Ldata                             data         000000
__LdataCOMRAM                       dataCOMRAM   000000
__Leeprom_data                      eeprom_data  000000
__Lfarbss                           farbss       000000
__Lfardata                          fardata      000000
__Libigdata                         ibigdata     000000
__Lidata                            idata        000000
__LidataCOMRAM                      idataCOMRAM  000000
__Lidloc                            idloc        000000
__Lifardata                         ifardata     000000
__Linit                             init         00001A
__Lintsave_regs                     intsave_regs 000000
__Lirdata                           irdata       000000
__Livt0x8                           ivt0x8       000008
__Lmediumconst                      mediumconst  000000
__LnvFARRAM                         nvFARRAM     000000
__Lnvbit                            nvbit        000000
__Lnvrram                           nvrram       000000
__Lparam                            rparam       000000
__Lpowerup                          powerup      000000
__Lram                              ram          000000
__Lramtop                           ramtop       001000
__Lrbit                             rbit         000000
__Lrbss                             rbss         000000
__Lrdata                            rdata        000000
__Lreset_vec                        reset_vec    000000
__Lrparam                           rparam       000000
__Lsfr                              sfr          000000
__Lsmallconst                       smallconst   001000
__Lspace_0                          (abs)        000000
__Lspace_1                          (abs)        000000
__Lspace_2                          (abs)        000000
__Lspace_4                          (abs)        000000
__Lstack                            stack        000000
__Lstruct                           struct       000000
__Ltemp                             temp         000000
__Ltext                             text         000000
__Ltext0                            text0        000000
__Ltext1                            text1        000000
__Ltext10                           text10       000000
__Ltext11                           text11       000000
__Ltext12                           text12       000000
__Ltext13                           text13       000000
__Ltext14                           text14       000000
__Ltext15                           text15       000000
__Ltext16                           text16       000000
__Ltext17                           text17       000000
__Ltext2                            text2        000000
__Ltext3                            text3        000000
__Ltext4                            text4        000000
__Ltext5                            text5        000000
__Ltext6                            text6        000000
__Ltext7                            text7        000000
__Ltext8                            text8        000000
__Ltext9                            text9        000000
__S0                                (abs)        001A88
__S1                                (abs)        0000A6
__S2                                (abs)        000000
__S4                                (abs)        000000
__S5                                (abs)        000000
___inthi_sp                         stack        000000
___intlo_sp                         stack        000000
___param_bank                       (abs)        000000
___rparam_used                      (abs)        000001
___sp                               stack        000000
__accesstop                         (abs)        000060
__activetblptr                      (abs)        000001
__end_of_CLR_Buf                    text14       001A10
__end_of_Find                       text6        0019E4
__end_of_InterruptManager           text17       001786
__end_of_OSCILLATOR_Initialize      text16       001A86
__end_of_PIN_Initialize             text15       001A54
__end_of_UART1_SendData             text13       001A6E
__end_of_UART1_Send_AT_Command      text3        0017E8
__end_of_UART1_Send_Command         text5        00188A
__end_of_UART1_Send_Greeting        text12       0018D8
__end_of_UART_Initialize            text11       001A38
__end_of_Wait_CREG                  text2        001420
__end_of__initialization            cinit        001914
__end_of_call_phone_num             text1        001524
__end_of_delay_ms                   text4        00196A
__end_of_main                       text0        00127C
__end_of_strchr                     text10       00183C
__end_of_strlen                     text9        0019A8
__end_of_strncmp                    text8        001612
__end_of_strstr                     text7        0016DA
__initialization                    cinit        0018D8
__mediumconst                       mediumconst  000000
__pbssBANK0                         bssBANK0     000060
__pbssCOMRAM                        bssCOMRAM    000026
__pcinit                            cinit        0018D8
__pcstackCOMRAM                     cstackCOMRAM 000001
__pdataCOMRAM                       dataCOMRAM   00002A
__pidataCOMRAM                      idataCOMRAM  001A86
__pivt0x8                           ivt0x8       000008
__psmallconst                       smallconst   001000
__ptext0                            text0        0010AC
__ptext1                            text1        001420
__ptext10                           text10       0017E8
__ptext11                           text11       001A10
__ptext12                           text12       00188A
__ptext13                           text13       001A54
__ptext14                           text14       0019E4
__ptext15                           text15       001A38
__ptext16                           text16       001A6E
__ptext17                           text17       0016DA
__ptext2                            text2        00127C
__ptext3                            text3        001786
__ptext4                            text4        001922
__ptext5                            text5        00183C
__ptext6                            text6        0019A8
__ptext7                            text7        001612
__ptext8                            text8        001524
__ptext9                            text9        00196A
__ramtop                            ramtop       001000
__size_of_CLR_Buf                   (abs)        000000
__size_of_Find                      (abs)        000000
__size_of_InterruptManager          (abs)        000000
__size_of_OSCILLATOR_Initialize     (abs)        000000
__size_of_PIN_Initialize            (abs)        000000
__size_of_UART1_SendData            (abs)        000000
__size_of_UART1_Send_AT_Command     (abs)        000000
__size_of_UART1_Send_Command        (abs)        000000
__size_of_UART1_Send_Greeting       (abs)        000000
__size_of_UART_Initialize           (abs)        000000
__size_of_Wait_CREG                 (abs)        000000
__size_of_call_phone_num            (abs)        000000
__size_of_delay_ms                  (abs)        000000
__size_of_main                      (abs)        000000
__size_of_strchr                    (abs)        000000
__size_of_strlen                    (abs)        000000
__size_of_strncmp                   (abs)        000000
__size_of_strstr                    (abs)        000000
__smallconst                        smallconst   001000
_call_phone_num                     text1        001420
_delay_ms                           text4        001922
_main                               text0        0010AC
_rs232                              bssCOMRAM    000026
_strchr                             text10       0017E8
_strlen                             text9        00196A
_strncmp                            text8        001524
_strstr                             text7        001612
call_phone_num@phone                cstackCOMRAM 00001C
call_phone_num@ret                  cstackCOMRAM 00001F
delay_ms@i                          cstackCOMRAM 000004
delay_ms@ms                         cstackCOMRAM 000001
end_of_initialization               cinit        001914
intlevel0                           text         000000
intlevel1                           text         000000
intlevel2                           text         000000
intlevel3                           text         000000
ivt0x8_base                         ivt0x8       000008
main@i                              cstackCOMRAM 000023
main@ret                            cstackCOMRAM 000024
stackhi                             (abs)        000FFF
stacklo                             (abs)        0000A6
start                               init         00001A
start_initialization                cinit        0018D8
strchr@c                            cstackCOMRAM 000003
strchr@s                            cstackCOMRAM 000001
strlen@a                            cstackCOMRAM 000003
strlen@s                            cstackCOMRAM 000001
strncmp@_l                          cstackCOMRAM 000001
strncmp@_r                          cstackCOMRAM 000003
strncmp@l                           cstackCOMRAM 000008
strncmp@n                           cstackCOMRAM 000005
strncmp@r                           cstackCOMRAM 00000A
strstr@h                            cstackCOMRAM 00000C
strstr@n                            cstackCOMRAM 00000E
strstr@nl                           cstackCOMRAM 000010


FUNCTION INFORMATION:

 *************** function _main *****************
 Defined at:
		line 30 in file "main.c"
 Parameters:    Size  Location     Type
		None
 Auto vars:     Size  Location     Type
  ret             2   35[COMRAM] int 
  i               1   34[COMRAM] unsigned char 
 Return value:  Size  Location     Type
                  1    wreg      void 
 Registers used:
		wreg, fsr2l, fsr2h, status,2, status,0, tblptrl, tblptrh, tblptru, cstack
 Tracked objects:
		On entry : 
		On exit  : 
		Unchanged: 
 Data sizes:     COMRAM   BANK0   BANK1   BANK2   BANK3   BANK4   BANK5   BANK6   BANK7   BANK8   BANK9  BANK10  BANK11  BANK12  BANK13  BANK14  BANK15
      Params:         0       0       0       0       0       0       0       0       0       0       0       0       0       0       0       0       0
      Locals:         3       0       0       0       0       0       0       0       0       0       0       0       0       0       0       0       0
      Temps:          2       0       0       0       0       0       0       0       0       0       0       0       0       0       0       0       0
      Totals:         5       0       0       0       0       0       0       0       0       0       0       0       0       0       0       0       0
Total ram usage:        5 bytes
 Hardware stack levels required when called:    6
 This function calls:
		_OSCILLATOR_Initialize
		_PIN_Initialize
		_UART1_Send_Greeting
		_UART_Initialize
		_call_phone_num
 This function is called by:
		Startup code after reset
 This function uses a non-reentrant model


 *************** function _call_phone_num *****************
 Defined at:
		line 122 in file "./gsmSim800l.h"
 Parameters:    Size  Location     Type
  phone           2   27[COMRAM] PTR unsigned char 
		 -> STR_1(18), 
 Auto vars:     Size  Location     Type
  ret             2   30[COMRAM] int 
 Return value:  Size  Location     Type
                  2   27[COMRAM] int 
 Registers used:
		wreg, fsr2l, fsr2h, status,2, status,0, tblptrl, tblptrh, tblptru, cstack
 Tracked objects:
		On entry : 
		On exit  : 
		Unchanged: 
 Data sizes:     COMRAM   BANK0   BANK1   BANK2   BANK3   BANK4   BANK5   BANK6   BANK7   BANK8   BANK9  BANK10  BANK11  BANK12  BANK13  BANK14  BANK15
      Params:         2       0       0       0       0       0       0       0       0       0       0       0       0       0       0       0       0
      Locals:         2       0       0       0       0       0       0       0       0       0       0       0       0       0       0       0       0
      Temps:          1       0       0       0       0       0       0       0       0       0       0       0       0       0       0       0       0
      Totals:         5       0       0       0       0       0       0       0       0       0       0       0       0       0       0       0       0
Total ram usage:        5 bytes
 Hardware stack levels used:    1
 Hardware stack levels required when called:    5
 This function calls:
		_UART1_Send_AT_Command
		_Wait_CREG
 This function is called by:
		_main
 This function uses a non-reentrant model


 *************** function _Wait_CREG *****************
 Defined at:
		line 55 in file "./gsmSim800l.h"
 Parameters:    Size  Location     Type
  query_times     1    wreg     unsigned char 
 Auto vars:     Size  Location     Type
  query_times     1    4[COMRAM] unsigned char 
  k               1    7[COMRAM] unsigned char 
  j               1    6[COMRAM] unsigned char 
  i               1    5[COMRAM] unsigned char 
 Return value:  Size  Location     Type
                  1    wreg      unsigned char 
 Registers used:
		wreg, fsr2l, fsr2h, status,2, status,0, tblptrl, tblptrh, tblptru, cstack
 Tracked objects:
		On entry : 
		On exit  : 
		Unchanged: 
 Data sizes:     COMRAM   BANK0   BANK1   BANK2   BANK3   BANK4   BANK5   BANK6   BANK7   BANK8   BANK9  BANK10  BANK11  BANK12  BANK13  BANK14  BANK15
      Params:         0       0       0       0       0       0       0       0       0       0       0       0       0       0       0       0       0
      Locals:         4       0       0       0       0       0       0       0       0       0       0       0       0       0       0       0       0
      Temps:          1       0       0       0       0       0       0       0       0       0       0       0       0       0       0       0       0
      Totals:         5       0       0       0       0       0       0       0       0       0       0       0       0       0       0       0       0
Total ram usage:        5 bytes
 Hardware stack levels used:    1
 Hardware stack levels required when called:    3
 This function calls:
		_CLR_Buf
		_UART1_Send_Command
 This function is called by:
		_call_phone_num
 This function uses a non-reentrant model


 *************** function _UART1_Send_AT_Command *****************
 Defined at:
		line 99 in file "./gsmSim800l.h"
 Parameters:    Size  Location     Type
  b               2   19[COMRAM] PTR unsigned char 
		 -> STR_5(9), STR_3(3), STR_1(18), 
  a               2   21[COMRAM] PTR unsigned char 
		 -> STR_7(3), STR_6(6), STR_4(3), 
  wait_time       1   23[COMRAM] unsigned char 
  interval_tim    2   24[COMRAM] int 
 Auto vars:     Size  Location     Type
  i               1   26[COMRAM] unsigned char 
 Return value:  Size  Location     Type
                  1    wreg      unsigned char 
 Registers used:
		wreg, fsr2l, fsr2h, status,2, status,0, tblptrl, tblptrh, tblptru, cstack
 Tracked objects:
		On entry : 
		On exit  : 
		Unchanged: 
 Data sizes:     COMRAM   BANK0   BANK1   BANK2   BANK3   BANK4   BANK5   BANK6   BANK7   BANK8   BANK9  BANK10  BANK11  BANK12  BANK13  BANK14  BANK15
      Params:         7       0       0       0       0       0       0       0       0       0       0       0       0       0       0       0       0
      Locals:         1       0       0       0       0       0       0       0       0       0       0       0       0       0       0       0       0
      Temps:          0       0       0       0       0       0       0       0       0       0       0       0       0       0       0       0       0
      Totals:         8       0       0       0       0       0       0       0       0       0       0       0       0       0       0       0       0
Total ram usage:        8 bytes
 Hardware stack levels used:    1
 Hardware stack levels required when called:    4
 This function calls:
		_CLR_Buf
		_Find
		_UART1_Send_Command
		_delay_ms
 This function is called by:
		_call_phone_num
 This function uses a non-reentrant model


 *************** function _delay_ms *****************
 Defined at:
		line 91 in file "./gsmSim800l.h"
 Parameters:    Size  Location     Type
  ms              2    0[COMRAM] int 
 Auto vars:     Size  Location     Type
  i               2    3[COMRAM] int 
 Return value:  Size  Location     Type
                  1    wreg      void 
 Registers used:
		wreg, status,2, status,0
 Tracked objects:
		On entry : 
		On exit  : 
		Unchanged: 
 Data sizes:     COMRAM   BANK0   BANK1   BANK2   BANK3   BANK4   BANK5   BANK6   BANK7   BANK8   BANK9  BANK10  BANK11  BANK12  BANK13  BANK14  BANK15
      Params:         2       0       0       0       0       0       0       0       0       0       0       0       0       0       0       0       0
      Locals:         2       0       0       0       0       0       0       0       0       0       0       0       0       0       0       0       0
      Temps:          1       0       0       0       0       0       0       0       0       0       0       0       0       0       0       0       0
      Totals:         5       0       0       0       0       0       0       0       0       0       0       0       0       0       0       0       0
Total ram usage:        5 bytes
 Hardware stack levels used:    1
 Hardware stack levels required when called:    1
 This function calls:
		Nothing
 This function is called by:
		_UART1_Send_AT_Command
 This function uses a non-reentrant model


 *************** function _UART1_Send_Command *****************
 Defined at:
		line 45 in file "./gsmSim800l.h"
 Parameters:    Size  Location     Type
  s               2    1[COMRAM] PTR unsigned char 
		 -> STR_5(9), STR_3(3), STR_2(9), STR_1(18), 
 Auto vars:     Size  Location     Type
		None
 Return value:  Size  Location     Type
                  1    wreg      void 
 Registers used:
		wreg, fsr2l, fsr2h, status,2, status,0, tblptrl, tblptrh, tblptru, cstack
 Tracked objects:
		On entry : 
		On exit  : 
		Unchanged: 
 Data sizes:     COMRAM   BANK0   BANK1   BANK2   BANK3   BANK4   BANK5   BANK6   BANK7   BANK8   BANK9  BANK10  BANK11  BANK12  BANK13  BANK14  BANK15
      Params:         2       0       0       0       0       0       0       0       0       0       0       0       0       0       0       0       0
      Locals:         0       0       0       0       0       0       0       0       0       0       0       0       0       0       0       0       0
      Temps:          0       0       0       0       0       0       0       0       0       0       0       0       0       0       0       0       0
      Totals:         2       0       0       0       0       0       0       0       0       0       0       0       0       0       0       0       0
Total ram usage:        2 bytes
 Hardware stack levels used:    1
 Hardware stack levels required when called:    2
 This function calls:
		_CLR_Buf
		_UART1_SendData
 This function is called by:
		_Wait_CREG
		_UART1_Send_AT_Command
 This function uses a non-reentrant model


 *************** function _Find *****************
 Defined at:
		line 28 in file "./gsmSim800l.h"
 Parameters:    Size  Location     Type
  a               2   17[COMRAM] PTR unsigned char 
		 -> STR_7(3), STR_6(6), STR_4(3), 
 Auto vars:     Size  Location     Type
		None
 Return value:  Size  Location     Type
                  1    wreg      unsigned char 
 Registers used:
		wreg, fsr2l, fsr2h, status,2, status,0, tblptrl, tblptrh, tblptru, cstack
 Tracked objects:
		On entry : 
		On exit  : 
		Unchanged: 
 Data sizes:     COMRAM   BANK0   BANK1   BANK2   BANK3   BANK4   BANK5   BANK6   BANK7   BANK8   BANK9  BANK10  BANK11  BANK12  BANK13  BANK14  BANK15
      Params:         2       0       0       0       0       0       0       0       0       0       0       0       0       0       0       0       0
      Locals:         0       0       0       0       0       0       0       0       0       0       0       0       0       0       0       0       0
      Temps:          0       0       0       0       0       0       0       0       0       0       0       0       0       0       0       0       0
      Totals:         2       0       0       0       0       0       0       0       0       0       0       0       0       0       0       0       0
Total ram usage:        2 bytes
 Hardware stack levels used:    1
 Hardware stack levels required when called:    3
 This function calls:
		_strstr
 This function is called by:
		_UART1_Send_AT_Command
 This function uses a non-reentrant model


 *************** function _strstr *****************
 Defined at:
		line 4 in file "C:\Program Files\Microchip\xc8\v2.31\pic\sources\c99\common\strstr.c"
 Parameters:    Size  Location     Type
  h               2   11[COMRAM] PTR const unsigned char 
		 -> NULL(0), Uart1_Buf(70), 
  n               2   13[COMRAM] PTR const unsigned char 
		 -> STR_7(3), STR_6(6), STR_4(3), 
 Auto vars:     Size  Location     Type
  nl              2   15[COMRAM] unsigned int 
 Return value:  Size  Location     Type
                  2   11[COMRAM] PTR unsigned char 
 Registers used:
		wreg, fsr2l, fsr2h, status,2, status,0, tblptrl, tblptrh, tblptru, cstack
 Tracked objects:
		On entry : 
		On exit  : 
		Unchanged: 
 Data sizes:     COMRAM   BANK0   BANK1   BANK2   BANK3   BANK4   BANK5   BANK6   BANK7   BANK8   BANK9  BANK10  BANK11  BANK12  BANK13  BANK14  BANK15
      Params:         4       0       0       0       0       0       0       0       0       0       0       0       0       0       0       0       0
      Locals:         2       0       0       0       0       0       0       0       0       0       0       0       0       0       0       0       0
      Temps:          0       0       0       0       0       0       0       0       0       0       0       0       0       0       0       0       0
      Totals:         6       0       0       0       0       0       0       0       0       0       0       0       0       0       0       0       0
Total ram usage:        6 bytes
 Hardware stack levels used:    1
 Hardware stack levels required when called:    2
 This function calls:
		_strchr
		_strlen
		_strncmp
 This function is called by:
		_Find
 This function uses a non-reentrant model


 *************** function _strncmp *****************
 Defined at:
		line 3 in file "C:\Program Files\Microchip\xc8\v2.31\pic\sources\c99\common\strncmp.c"
 Parameters:    Size  Location     Type
  _l              2    0[COMRAM] PTR const unsigned char 
		 -> NULL(0), Uart1_Buf(70), 
  _r              2    2[COMRAM] PTR const unsigned char 
		 -> STR_7(3), STR_6(6), STR_4(3), 
  n               2    4[COMRAM] unsigned int 
 Auto vars:     Size  Location     Type
  r               2    9[COMRAM] PTR const unsigned char 
		 -> STR_7(3), STR_6(6), STR_4(3), 
  l               2    7[COMRAM] PTR const unsigned char 
		 -> NULL(0), Uart1_Buf(70), 
 Return value:  Size  Location     Type
                  2    0[COMRAM] int 
 Registers used:
		wreg, fsr2l, fsr2h, status,2, status,0, tblptrl, tblptrh, tblptru
 Tracked objects:
		On entry : 
		On exit  : 
		Unchanged: 
 Data sizes:     COMRAM   BANK0   BANK1   BANK2   BANK3   BANK4   BANK5   BANK6   BANK7   BANK8   BANK9  BANK10  BANK11  BANK12  BANK13  BANK14  BANK15
      Params:         6       0       0       0       0       0       0       0       0       0       0       0       0       0       0       0       0
      Locals:         4       0       0       0       0       0       0       0       0       0       0       0       0       0       0       0       0
      Temps:          1       0       0       0       0       0       0       0       0       0       0       0       0       0       0       0       0
      Totals:        11       0       0       0       0       0       0       0       0       0       0       0       0       0       0       0       0
Total ram usage:       11 bytes
 Hardware stack levels used:    1
 Hardware stack levels required when called:    1
 This function calls:
		Nothing
 This function is called by:
		_strstr
 This function uses a non-reentrant model


 *************** function _strlen *****************
 Defined at:
		line 5 in file "C:\Program Files\Microchip\xc8\v2.31\pic\sources\c99\common\strlen.c"
 Parameters:    Size  Location     Type
  s               2    0[COMRAM] PTR const unsigned char 
		 -> STR_7(3), STR_6(6), STR_4(3), 
 Auto vars:     Size  Location     Type
  a               2    2[COMRAM] PTR const unsigned char 
		 -> STR_7(3), STR_6(6), STR_4(3), 
 Return value:  Size  Location     Type
                  2    0[COMRAM] unsigned int 
 Registers used:
		wreg, status,2, status,0, tblptrl, tblptrh, tblptru
 Tracked objects:
		On entry : 
		On exit  : 
		Unchanged: 
 Data sizes:     COMRAM   BANK0   BANK1   BANK2   BANK3   BANK4   BANK5   BANK6   BANK7   BANK8   BANK9  BANK10  BANK11  BANK12  BANK13  BANK14  BANK15
      Params:         2       0       0       0       0       0       0       0       0       0       0       0       0       0       0       0       0
      Locals:         2       0       0       0       0       0       0       0       0       0       0       0       0       0       0       0       0
      Temps:          0       0       0       0       0       0       0       0       0       0       0       0       0       0       0       0       0
      Totals:         4       0       0       0       0       0       0       0       0       0       0       0       0       0       0       0       0
Total ram usage:        4 bytes
 Hardware stack levels used:    1
 Hardware stack levels required when called:    1
 This function calls:
		Nothing
 This function is called by:
		_strstr
 This function uses a non-reentrant model


 *************** function _strchr *****************
 Defined at:
		line 3 in file "C:\Program Files\Microchip\xc8\v2.31\pic\sources\c99\common\strchr.c"
 Parameters:    Size  Location     Type
  s               2    0[COMRAM] PTR const unsigned char 
		 -> NULL(0), Uart1_Buf(70), 
  c               2    2[COMRAM] int 
 Auto vars:     Size  Location     Type
		None
 Return value:  Size  Location     Type
                  2    0[COMRAM] PTR unsigned char 
 Registers used:
		wreg, fsr2l, fsr2h, status,2, status,0
 Tracked objects:
		On entry : 
		On exit  : 
		Unchanged: 
 Data sizes:     COMRAM   BANK0   BANK1   BANK2   BANK3   BANK4   BANK5   BANK6   BANK7   BANK8   BANK9  BANK10  BANK11  BANK12  BANK13  BANK14  BANK15
      Params:         4       0       0       0       0       0       0       0       0       0       0       0       0       0       0       0       0
      Locals:         0       0       0       0       0       0       0       0       0       0       0       0       0       0       0       0       0
      Temps:          1       0       0       0       0       0       0       0       0       0       0       0       0       0       0       0       0
      Totals:         5       0       0       0       0       0       0       0       0       0       0       0       0       0       0       0       0
Total ram usage:        5 bytes
 Hardware stack levels used:    1
 Hardware stack levels required when called:    1
 This function calls:
		Nothing
 This function is called by:
		_strstr
 This function uses a non-reentrant model


 *************** function _UART_Initialize *****************
 Defined at:
		line 34 in file "./UART.h"
 Parameters:    Size  Location     Type
		None
 Auto vars:     Size  Location     Type
		None
 Return value:  Size  Location     Type
                  1    wreg      void 
 Registers used:
		wreg, status,2
 Tracked objects:
		On entry : 
		On exit  : 
		Unchanged: 
 Data sizes:     COMRAM   BANK0   BANK1   BANK2   BANK3   BANK4   BANK5   BANK6   BANK7   BANK8   BANK9  BANK10  BANK11  BANK12  BANK13  BANK14  BANK15
      Params:         0       0       0       0       0       0       0       0       0       0       0       0       0       0       0       0       0
      Locals:         0       0       0       0       0       0       0       0       0       0       0       0       0       0       0       0       0
      Temps:          0       0       0       0       0       0       0       0       0       0       0       0       0       0       0       0       0
      Totals:         0       0       0       0       0       0       0       0       0       0       0       0       0       0       0       0       0
Total ram usage:        0 bytes
 Hardware stack levels used:    1
 Hardware stack levels required when called:    1
 This function calls:
		Nothing
 This function is called by:
		_main
 This function uses a non-reentrant model


 *************** function _UART1_Send_Greeting *****************
 Defined at:
		line 22 in file "./UART.h"
 Parameters:    Size  Location     Type
  s               2    1[COMRAM] PTR unsigned char 
		 -> STR_13(22), STR_12(18), STR_11(16), STR_10(8), 
		 -> STR_9(47), STR_8(10), 
 Auto vars:     Size  Location     Type
		None
 Return value:  Size  Location     Type
                  1    wreg      void 
 Registers used:
		wreg, fsr2l, fsr2h, status,2, status,0, tblptrl, tblptrh, tblptru, cstack
 Tracked objects:
		On entry : 
		On exit  : 
		Unchanged: 
 Data sizes:     COMRAM   BANK0   BANK1   BANK2   BANK3   BANK4   BANK5   BANK6   BANK7   BANK8   BANK9  BANK10  BANK11  BANK12  BANK13  BANK14  BANK15
      Params:         2       0       0       0       0       0       0       0       0       0       0       0       0       0       0       0       0
      Locals:         0       0       0       0       0       0       0       0       0       0       0       0       0       0       0       0       0
      Temps:          0       0       0       0       0       0       0       0       0       0       0       0       0       0       0       0       0
      Totals:         2       0       0       0       0       0       0       0       0       0       0       0       0       0       0       0       0
Total ram usage:        2 bytes
 Hardware stack levels used:    1
 Hardware stack levels required when called:    2
 This function calls:
		_CLR_Buf
		_UART1_SendData
 This function is called by:
		_main
 This function uses a non-reentrant model


 *************** function _UART1_SendData *****************
 Defined at:
		line 13 in file "./UART.h"
 Parameters:    Size  Location     Type
  dat             1    wreg     unsigned char 
 Auto vars:     Size  Location     Type
  dat             1    0[COMRAM] unsigned char 
 Return value:  Size  Location     Type
                  1    wreg      void 
 Registers used:
		wreg
 Tracked objects:
		On entry : 
		On exit  : 
		Unchanged: 
 Data sizes:     COMRAM   BANK0   BANK1   BANK2   BANK3   BANK4   BANK5   BANK6   BANK7   BANK8   BANK9  BANK10  BANK11  BANK12  BANK13  BANK14  BANK15
      Params:         0       0       0       0       0       0       0       0       0       0       0       0       0       0       0       0       0
      Locals:         1       0       0       0       0       0       0       0       0       0       0       0       0       0       0       0       0
      Temps:          0       0       0       0       0       0       0       0       0       0       0       0       0       0       0       0       0
      Totals:         1       0       0       0       0       0       0       0       0       0       0       0       0       0       0       0       0
Total ram usage:        1 bytes
 Hardware stack levels used:    1
 Hardware stack levels required when called:    1
 This function calls:
		Nothing
 This function is called by:
		_UART1_Send_Greeting
		_UART1_Send_Command
 This function uses a non-reentrant model


 *************** function _CLR_Buf *****************
 Defined at:
		line 3 in file "./UART.h"
 Parameters:    Size  Location     Type
		None
 Auto vars:     Size  Location     Type
  k               1    0[COMRAM] unsigned char 
 Return value:  Size  Location     Type
                  1    wreg      void 
 Registers used:
		wreg, fsr2l, fsr2h, status,2, status,0
 Tracked objects:
		On entry : 
		On exit  : 
		Unchanged: 
 Data sizes:     COMRAM   BANK0   BANK1   BANK2   BANK3   BANK4   BANK5   BANK6   BANK7   BANK8   BANK9  BANK10  BANK11  BANK12  BANK13  BANK14  BANK15
      Params:         0       0       0       0       0       0       0       0       0       0       0       0       0       0       0       0       0
      Locals:         1       0       0       0       0       0       0       0       0       0       0       0       0       0       0       0       0
      Temps:          0       0       0       0       0       0       0       0       0       0       0       0       0       0       0       0       0
      Totals:         1       0       0       0       0       0       0       0       0       0       0       0       0       0       0       0       0
Total ram usage:        1 bytes
 Hardware stack levels used:    1
 Hardware stack levels required when called:    1
 This function calls:
		Nothing
 This function is called by:
		_UART1_Send_Greeting
		_UART1_Send_Command
		_Wait_CREG
		_UART1_Send_AT_Command
 This function uses a non-reentrant model


 *************** function _PIN_Initialize *****************
 Defined at:
		line 35 in file "./Initialize.h"
 Parameters:    Size  Location     Type
		None
 Auto vars:     Size  Location     Type
		None
 Return value:  Size  Location     Type
                  1    wreg      void 
 Registers used:
		wreg, status,2
 Tracked objects:
		On entry : 
		On exit  : 
		Unchanged: 
 Data sizes:     COMRAM   BANK0   BANK1   BANK2   BANK3   BANK4   BANK5   BANK6   BANK7   BANK8   BANK9  BANK10  BANK11  BANK12  BANK13  BANK14  BANK15
      Params:         0       0       0       0       0       0       0       0       0       0       0       0       0       0       0       0       0
      Locals:         0       0       0       0       0       0       0       0       0       0       0       0       0       0       0       0       0
      Temps:          0       0       0       0       0       0       0       0       0       0       0       0       0       0       0       0       0
      Totals:         0       0       0       0       0       0       0       0       0       0       0       0       0       0       0       0       0
Total ram usage:        0 bytes
 Hardware stack levels used:    1
 Hardware stack levels required when called:    1
 This function calls:
		Nothing
 This function is called by:
		_main
 This function uses a non-reentrant model


 *************** function _OSCILLATOR_Initialize *****************
 Defined at:
		line 21 in file "./Initialize.h"
 Parameters:    Size  Location     Type
		None
 Auto vars:     Size  Location     Type
		None
 Return value:  Size  Location     Type
                  1    wreg      void 
 Registers used:
		wreg, status,2
 Tracked objects:
		On entry : 
		On exit  : 
		Unchanged: 
 Data sizes:     COMRAM   BANK0   BANK1   BANK2   BANK3   BANK4   BANK5   BANK6   BANK7   BANK8   BANK9  BANK10  BANK11  BANK12  BANK13  BANK14  BANK15
      Params:         0       0       0       0       0       0       0       0       0       0       0       0       0       0       0       0       0
      Locals:         0       0       0       0       0       0       0       0       0       0       0       0       0       0       0       0       0
      Temps:          0       0       0       0       0       0       0       0       0       0       0       0       0       0       0       0       0
      Totals:         0       0       0       0       0       0       0       0       0       0       0       0       0       0       0       0       0
Total ram usage:        0 bytes
 Hardware stack levels used:    1
 Hardware stack levels required when called:    1
 This function calls:
		Nothing
 This function is called by:
		_main
 This function uses a non-reentrant model


 *************** function _InterruptManager *****************
 Defined at:
		line 4 in file "./Interrupt.h"
 Parameters:    Size  Location     Type
		None
 Auto vars:     Size  Location     Type
		None
 Return value:  Size  Location     Type
                  1    wreg      void 
 Registers used:
		wreg, fsr2l, fsr2h, status,2, status,0
 Tracked objects:
		On entry : 
		On exit  : 
		Unchanged: 
 Data sizes:     COMRAM   BANK0   BANK1   BANK2   BANK3   BANK4   BANK5   BANK6   BANK7   BANK8   BANK9  BANK10  BANK11  BANK12  BANK13  BANK14  BANK15
      Params:         0       0       0       0       0       0       0       0       0       0       0       0       0       0       0       0       0
      Locals:         0       0       0       0       0       0       0       0       0       0       0       0       0       0       0       0       0
      Temps:          0       0       0       0       0       0       0       0       0       0       0       0       0       0       0       0       0
      Totals:         0       0       0       0       0       0       0       0       0       0       0       0       0       0       0       0       0
Total ram usage:        0 bytes
 Hardware stack levels used:    1
 This function calls:
		Nothing
 This function is called by:
		Interrupt level 2
 This function uses a non-reentrant model



MODULE INFORMATION

Module		Function		Class		Link	Load	Size
C:\Program Files\Microchip\xc8\v2.31\pic\sources\c99\common\strlen.c
		_strlen        		CODE           	196A	0000	62

C:\Program Files\Microchip\xc8\v2.31\pic\sources\c99\common\strlen.c estimated size: 62

./UART.h
		_UART1_Send_Greeting		CODE           	188A	0000	78
		_UART1_SendData		CODE           	1A54	0000	26
		_UART_Initialize		CODE           	1A10	0000	40
		_CLR_Buf       		CODE           	19E4	0000	44

./UART.h estimated size: 188

C:\Program Files\Microchip\xc8\v2.31\pic\sources\c99\common\strchr.c
		_strchr        		CODE           	17E8	0000	84

C:\Program Files\Microchip\xc8\v2.31\pic\sources\c99\common\strchr.c estimated size: 84

./Initialize.h
		_OSCILLATOR_Initialize		CODE           	1A6E	0000	24
		_PIN_Initialize		CODE           	1A38	0000	28

./Initialize.h estimated size: 52

shared
		__initialization		CODE           	18D8	0000	60

shared estimated size: 60

C:\Program Files\Microchip\xc8\v2.31\pic\sources\c99\common\strstr.c
		_strstr        		CODE           	1612	0000	200

C:\Program Files\Microchip\xc8\v2.31\pic\sources\c99\common\strstr.c estimated size: 200

./Interrupt.h
		_InterruptManager		CODE           	16DA	0000	172

./Interrupt.h estimated size: 172

main.c
		_main          		CODE           	10AC	0000	464

main.c estimated size: 464

C:\Program Files\Microchip\xc8\v2.31\pic\sources\c99\common\strncmp.c
		_strncmp       		CODE           	1524	0000	238

C:\Program Files\Microchip\xc8\v2.31\pic\sources\c99\common\strncmp.c estimated size: 238

./gsmSim800l.h
		_Wait_CREG     		CODE           	127C	0000	420
		_Find          		CODE           	19A8	0000	60
		_UART1_Send_AT_Command		CODE           	1786	0000	98
		_UART1_Send_Command		CODE           	183C	0000	78
		_delay_ms      		CODE           	1922	0000	72
		_call_phone_num		CODE           	1420	0000	260

./gsmSim800l.h estimated size: 988

